(program
  (enum Shape
    (variant Circle int)
    (variant Rect int int)
    (variant Empty))
  (struct Point
    (field x int)
    (field y int))
  (fn double
    (param n int)
    (type int)
    (block
      (return
        (binary *
          (name n)
          (int 2)))))
  (fn main
    (type int)
    (block
      (let mut total
        (int 0))
      (let p
        (struct-lit Point
          (init x
            (int 1))
          (init y
            (binary +
              (int 2)
              (int 3)))))
      (while
        (binary <
          (name total)
          (int 10))
        (block
          (expr-stmt
            (assign
              (name total)
              (binary +
                (name total)
                (binary *
                  (int 2)
                  (int 3)))))
          (if
            (binary &&
              (binary ==
                (name total)
                (int 6))
              (bool true))
            (block
              (continue)))
          (defer
            (call
              (name log)
              (name total)))))
      (let piped
        (binary |>
          (binary +
            (int 5)
            (int 1))
          (name double)))
      (match
        (name shape)
        (arm
          (pat-variant Shape::Circle
            (pat-bind r))
          (block
            (expr-stmt
              (assign
                (name total)
                (binary +
                  (name total)
                  (name r))))))
        (arm
          (pat-variant Shape::Rect
            (pat-bind w)
            (pat-bind h))
          (assign
            (name total)
            (binary *
              (name w)
              (name h))))
        (arm
          (pat-struct Point
            (pat-field x
              (pat-bind x))
            (pat-field y
              (pat-bind other)))
          (assign
            (name total)
            (name x)))
        (arm
          (pat-lit 42)
          (assign
            (name total)
            (int 0)))
        (arm
          (pat _)
          (block)))
      (return
        (name total))
      (for i
        (name items)
        (block
          (expr-stmt
            (assign
              (name total)
              (binary +
                (name total)
                (name i)))))))))
